Script started on 2024-04-08 23:46:04-04:00
bash-4.4$ vi ~/,[K.bash_profile
[?2004h[?1049h[22;0;0t[?1h=[?2004h[1;24r[?12h[?12l[27m[23m[29m[m[H[2J[?25l[24;1H"~/.bash_profile" 1L, 22C[1;1Halias l = " ls -ltr "
[94m~                                                                               [3;1H~                                                                               [4;1H~                                                                               [5;1H~                                                                               [6;1H~                                                                               [7;1H~                                                                               [8;1H~                                                                               [9;1H~                                                                               [10;1H~                                                                               [11;1H~                                                                               [12;1H~                                                                               [13;1H~                                                                               [14;1H~                                                                               [15;1H~                                                                               [16;1H~                                                                               [17;1H~                                                                               [18;1H~                                                                               [19;1H~                                                                               [20;1H~                                                                               [21;1H~                                                                               [22;1H~                                                                               [23;1H~                                                                               [1;1H[?25h[malias l = " ls -ltr [?25l[24;1H[1m-- INSERT --[m[24;13H[K[1;21H[?25h[?25l[1;21H[K[2;1H"[2;2H[K[2;1H[?25h[?25l[1;21H"
[94m~                                                                               [1;21H[?25h[m"[?25l[2;1H[K[2;1H[?25h[?25la[?25h[?25ll[?25h[?25li[?25h[?25la[?25h[?25ls[?25h[?25l [?25h[?25lw[?25h[?25l [?25h[?25l=[?25h[?25l [?25h[?25l"[?25h[?25l [?25h[?25ll[?25h[?25ls[?25h[?25l [?25h[?25l-[?25h[?25ll[?25h[?25l [?25h[?25l|[?25h[?25l [?25h[?25lw[?25h[?25ls[?25h[?25lc[?25h[?25l"[?25h[24;1H[K[2;23H[?25l[?25h[?25l[24;1H:[?2004h[?25hwq[?25l[?2004l"~/.bash_profile" 2L, 46C written
[?2004l[?1l>[?25h[?1049l[23;0;0tbash-4.4$ source ~/.bash_profile
bash: alias: l: not found
bash: alias: =: not found
bash: alias:  ls -ltr : not found
bash: alias: w: not found
bash: alias: =: not found
bash: alias:  ls -l | wc: not found
bash-4.4$ l
bash: l: command not found
bash-4.4$ vi ~/.bash_profile
[?2004h[?1049h[22;0;0t[?1h=[?2004h[1;24r[?12h[?12l[27m[23m[29m[m[H[2J[?25l[24;1H"~/.bash_profile" 2L, 46C[1;1Halias l = " ls -ltr "
alias w = " ls -l | wc"
[94m~                                                                               [4;1H~                                                                               [5;1H~                                                                               [6;1H~                                                                               [7;1H~                                                                               [8;1H~                                                                               [9;1H~                                                                               [10;1H~                                                                               [11;1H~                                                                               [12;1H~                                                                               [13;1H~                                                                               [14;1H~                                                                               [15;1H~                                                                               [16;1H~                                                                               [17;1H~                                                                               [18;1H~                                                                               [19;1H~                                                                               [20;1H~                                                                               [21;1H~                                                                               [22;1H~                                                                               [23;1H~                                                                               [1;1H[?25h[mal[?25l[24;1H[1m-- INSERT --[m[24;13H[K[1;3H[?25hias l [?25l= " ls -ltr "[1;21H[K[1;8H[?25h= [?25l" ls -ltr "[1;20H[K[1;9H[?25h" [?25lls -ltr "[1;19H[K[1;10H[?25hls -ltr [?25l"[1;18H[K[1;17H[?25h[2;17H[?25l= " ls -l | wc"[2;23H[K[2;8H[?25h= [?25l" ls -l | wc"[2;22H[K[2;9H[?25h" [?25lls -l | wc"[2;21H[K[2;10H[?25hls -l | wc[24;1H[K[2;19H[?25l[?25h[?25l[24;1H:[?2004h[?25hwq[?25l[?2004l"~/.bash_profile" 2L, 39C written
[?2004l[?1l>[?25h[?1049l[23;0;0tbash-4.4$ sourcevi ~/.bash_profile[C[C[C[C[C[C[C[C[C[Cl[Ksource ~/.bash_profile
bash-4.4$ l
total 4
-rw-rw-r-- 1 xiaokesp24 xiaokesp24 4096 Apr  8 23:48 ws4.txt
bash-4.4$ w
      2      11      69
bash-4.4$ l[Kls
ws4.txt
bash-4.4$ cp worksheet3/Glo[K[K[KGlobla[K[K[K[K[K[K"Global YouTube Statistics.csv [K" W[K [Kworksheet4/
cp: cannot stat 'worksheet3/Global YouTube Statistics.csv': No such file or directory
bash-4.4$ cd ..
bash-4.4$ ls
 Assignment1  'Global YouTube Statistics.csv'   worksheet1   worksheet3
 Assignment2   index.html		        worksheet2   worksheet4
bash-4.4$ lscd ..p worksheet3/"Global YouTube Statistics.csv" worksheet4/
bash-4.4$ cd worksheet4
bash-4.4$ ls
'Global YouTube Statistics.csv'   ws4.txt
bash-4.4$ md[Kkdir Subscribers
bash-4.4$ cut -d '','[C -f6,18 f6,18[1Pf6,18[C 6,18[1P6,18[C[C[C[C "Globale[K YouTube Statistis[Kcs.csv" | grep ",US" | cut - d '','[C -f 1>[K > United_States.txt
bash-4.4$ cut -d ',' -f6,18 "Global YouTube Statistics.csv" | grep ",US" | cut -dd ',' -f 1 > United_States.txt[A[C[C[C[C[C[C[C[C[C[C[C[C[C[C[C[C[C[C[C[C[C[C[C[C[C[C[C[C[C[C[C[C[C[C[C[C[C[C[C[C[C[C[C[C[C[C[C[C[C[C[C[C[C[C[C[C[C[C[C[C[C[C[C[C[C[C[C[C[C[C[C[C[C[C[C[C[C[C[C[C[C[C[CS" | cut -d [1P[A[C[C[C[C[C[C[C[C[C[C[C[C[C[C[C[C[C[C[C[C[C[C[C[C[C[C[C[C[C[C[C[C[C[C[C[C[C[C[C[C[C[C[C[C[C[C[C[C[C[C[C[C[C[C[C[C[C[C[C[C[C[C[C[C[C[C[C[CS" | cut -d '[1P[A[C[C[C[C[C[C[C[C[C[C[C[C[C[C[C[C[C[C[C[C[C[C[C[C[C[C[C[C[C[C[C[C[C[C[C[C[C[C[C[C[C[C[C[C[C[C[C[C[C[C[C[C[C[C[C[C[C[C[C[C[C[C[C[C[C[C[C,S" | cut -d [1@'[A[C[C[C[C[C[C[C[C[C[C[C[C[C[C[C[C[C[C[C[C[C[C[C[C[C[C[C[C[C[C[C[C[C[C[C[C[C[C[C[C[C[C[C[C[C[C[C[C[C[C[C[C[C[C[C[C[C[C[C[C[C[C[C[C[C[C[CIS" | cut -d[1@ [A[C[C[C[C[C[C[C[C[C[C[C[C[C[C[C[C[C[C[C[C[C[C[C[C[C[C[C[C[C[C[C[C[C[C[C[C[C[C[C[C[C[C[C[C[C[C[C[C[C[C[C[C[C[C[C[C[C[C[C[C[C[C[C[C[C[C[C[CNS" | cut -[1@d[A[C[C[C[C[C[C[C[C[C[C[C[C[C[C[C[C[C[C[C[C[C[C[C[C[C[C[C[C[C[C[C[C[C[C[C[C[C[C[C[C[C[C[C[C[C[C[C[C[C[C[C[C[C[C[C[C[C[C[C[C[C[C[C[C[C[C[C[C[C[C" | cut -d[1P[A[C[C[C[C[C[C[C[C[C[C[C[C[C[C[C[C[C[C[C[C[C[C[C[C[C[C[C[C[C[C[C[C[C[C[C[C[C[C[C[C[C[C[C[C[C[C[C[C[C[C[C[C[C[C[C[C[C[C[C[C[C[C[C[C[C[C[C[C[C[C[C[C[C[C[C[C[C[C
[C[C[C[C[C[C[C[C[C[C[C[C[C[C[C[C[C[C[C[C[C[C[C[C[C[1Ps.txt[1Ps.txt[1Ps.txt[1Ps.txt[1Ps.txt[1Ps.txt[1Ps.txt[1Ps.txt[1Ps.txt[1Ps.txt[C[1P.txt[1P.txt[1P.txtI.txtn.txtd.txti.txta.txt
bash-4.4$ paste -sd+ wo[K[KUnited_s[KStates.txt |b[K bc -lq | awk '{print $0/n[KNR}' > us_mean. txt
bash-4.4$ paste -sd+ United_States.txt | bc -lq | awk '{print $0/NR}' > us_mean.ttxt[A[C[C[C[C[C[C[C[C[C[C[C[C[C[C[C[C[C[C[C[C[C[C[C[C[C[C[C[C[C[C[C[C[C[C[C[C[C[C[C[C[C[C[C[C[C[C[C[C[C[C[C[C[C[C[C[C[C[C[C[C[C[C[C[C[C[C[C[C[C[C[C[C[C[C[C[C[C[C[Cs.txt | bc -lq | awk '{print $0/NR}' > us_mean.tx[1Pt[A[C[C[C[C[C[C[C[C[C[C[C[C[C[C[C[C[C[C[C[C[C[C[C[C[C[C[C[C[C[Cs.txt | bc -lq | awk '{print $0/NR}' > us_mean.txt[K[A[C[C[C[C[C[C[C[C[C[C[C[C[C[C[C[C[C[C[C[C[C[C[C[C[C[C[C[C[C[Cs.txt | bc -lq | awk '{print $0/NR}' > us_mean.txt [K[A[C[C[C[C[C[C[C[C[C[C[C[C[C[C[C[C[C[C[C[C[C[C[C[C[C[C[C[C[C[C[1P
[K[A[C[C[C[C[C[C[C[C[C[C[C[C[C[C[C[C[C[C[C[C[C[C[C[C[C[C[C[C[C[1P[1P[1P[1P[1P[1P[1P[1P[C[1P[1@I[1@n[1@d[1@i[1@a[C[C[C[C[C[C[C[C[C[C[C[C[C[C[C[C[C[C[C[C[C[C[C[C[C[C[C[C[C[C[C[C[C[C[C[C[C[C[C[C[1P_mean.txt[1P_mean.txti_mean.txtn_mean.txtd_mean.txti_mean.txta_mean.txt
bash-4.4$ echo "Mean number of sun[Kbscribers for United s[KStates:" >>ws[K[K ws4_means.txt
bash-4.4$ cat us_mean.txt >> ws4_means.txt
bash-4.4$ echo "Mean number of subscribers for India:" >>ws[K[K ws4_means.txt
bash-4.4$ cat india_mean/[K.txt >> ws3[K4_t[Kmeans.txt
bash-4.4$ vi ws4_means.txt
[?2004h[?1049h[22;0;0t[?1h=[?2004h[1;24r[?12h[?12l[27m[23m[29m[m[H[2J[?25l[24;1H"ws4_means.txt" 2L, 84C[1;1HMean number of subscribers for United States:
Mean number of subscribers for India:
[94m~                                                                               [4;1H~                                                                               [5;1H~                                                                               [6;1H~                                                                               [7;1H~                                                                               [8;1H~                                                                               [9;1H~                                                                               [10;1H~                                                                               [11;1H~                                                                               [12;1H~                                                                               [13;1H~                                                                               [14;1H~                                                                               [15;1H~                                                                               [16;1H~                                                                               [17;1H~                                                                               [18;1H~                                                                               [19;1H~                                                                               [20;1H~                                                                               [21;1H~                                                                               [22;1H~                                                                               [23;1H~                                                                               [1;1H[?25h[?25l[m[24;1H[K[24;1H:[?2004h[?25hwq[?25l[?2004l"ws4_means.txt" 2L, 84C written
[?2004l[?1l>[?25h[?1049l[23;0;0tbash-4.4$ via[K india_mean.txt
[?2004h[?1049h[22;0;0t[?1h=[?2004h[1;24r[?12h[?12l[27m[23m[29m[m[H[2J[?25l[24;1H"india_mean.txt" 0L, 0C[2;1H[94m~                                                                               [3;1H~                                                                               [4;1H~                                                                               [5;1H~                                                                               [6;1H~                                                                               [7;1H~                                                                               [8;1H~                                                                               [9;1H~                                                                               [10;1H~                                                                               [11;1H~                                                                               [12;1H~                                                                               [13;1H~                                                                               [14;1H~                                                                               [15;1H~                                                                               [16;1H~                                                                               [17;1H~                                                                               [18;1H~                                                                               [19;1H~                                                                               [20;1H~                                                                               [21;1H~                                                                               [22;1H~                                                                               [23;1H~                                                                               [1;1H[?25h[?25l[m[24;1H[K[24;1H:[?2004h[?25hq[?25l[?2004l[24;1H[K[24;1H[?2004l[?1l>[?25h[?1049l[23;0;0tbash-4.4$ [Kbash-4.4$ [Kbash-4.4$ [Kbash-4.4$ [Kbash-4.4$ [Kbash-4.4$ [Kbash-4.4$ [Kbash-4.4$ [Kbash-4.4$ [Kbash-4.4$ [Kbash-4.4$ [Kbash-4.4$ [Kbash-4.4$ [Kbash-4.4$ [Kbash-4.4$ [Kbash-4.4$ [Kbash-4.4$ [Kbash-4.4$ [Kbash-4.4$ [Kbash-4.4$ [Kbash-4.4$ [Kbash-4.4$ [Kbash-4.4$ [Kbash-4.4$ [Kbash-4.4$ [Kbash-4.4$ [Kbash-4.4$ [Kbash-4.4$ vi United [K_States.txt
[?2004h[?1049h[22;0;0t[?1h=[?2004h[1;27r[?12h[?12l[27m[23m[29m[m[H[2J[?25l[27;1H"United_States.txt" 0L, 0C[2;1H[94m~                                                                                                         [3;1H~                                                                                                         [4;1H~                                                                                                         [5;1H~                                                                                                         [6;1H~                                                                                                         [7;1H~                                                                                                         [8;1H~                                                                                                         [9;1H~                                                                                                         [10;1H~                                               